// Jest Snapshot v1, https://goo.gl/fbAQLP

exports[`React CommentForm testing should match snapshot 1`] = `
<article
  className="media"
>
  <figure
    className="media-left"
  >
    <p
      className="image is-64x64"
    >
      <img
        alt="Avatar"
      />
    </p>
  </figure>
  <div
    className="media-content"
  >
    <div
      className="field"
    >
      <p
        className="control"
      >
        <textarea
          className="textarea"
          onChange={[Function]}
          onKeyPress={[Function]}
          placeholder="addComment"
          value=""
        />
      </p>
    </div>
    <nav
      className="level"
    >
      <div
        className="level-left"
      >
        <div
          className="level-item"
        >
          <a
            className="button is-info"
            onClick={[Function]}
            type="submit"
            value="post"
          >
            post
          </a>
        </div>
      </div>
      <div
        className="level-right"
      >
        <div
          className="level-item"
        >
          <a
            className="button is-info"
            onClick={[Function]}
            type="submit"
            value="logout"
          >
            logout
          </a>
        </div>
      </div>
    </nav>
  </div>
</article>
`;
