// Jest Snapshot v1, https://goo.gl/fbAQLP

exports[`React Hero testing is better snapshot testing for regression render tests 1`] = `
<section
  className="hero is-info"
>
  <div
    className="hero-body"
  >
    <div
      className="container"
    >
      <h1
        className="title"
      >
        Social Media Comments
      </h1>
      <h2
        className="subtitle"
      >
        MERN application example
      </h2>
    </div>
  </div>
</section>
`;
